S01_9                   147617.6446572799    
S01_10                  154473.9230716457    
S01_11                  146635.7960288111    
S01_12                  149523.7333322670    
S02_11                  166876.2512354753    
S02_12                  171206.5617978088    
S03_9                   74190.46851450033    
S03_10                  77464.23401421054    
S03_11                  73493.76206665953    
S03_12                  75095.67456886556    
S04_11                  229897.4820661631    
S04_12                  236664.7201353650    
