Q1c                     66.79202405361576    
Q2c                     36.42738034018047    
Q3c                     50.34532622224850    
Q4c                     44.09352235159687    
S01_9                   112636.2971845455    
S01_10                  118382.5349106823    
S01_11                  111596.2762707909    
S01_12                  113649.9903675136    
S02_11                  109765.7257906144    
S02_12                  113112.3707634032    
S03_9                   49176.16876075499    
S03_10                  52667.16256306808    
S03_11                  48523.86570473258    
S03_12                  49991.45130811214    
S04_11                  159629.5104254107    
S04_12                  164895.2328891349    
